<<<<<<< HEAD
Hola/Me llamo Angel/Esta es/Mi practica/De git
=======
Angel Aguilar@Torrecitapeque MINGW64 ~
$ cd practica-git

Angel Aguilar@Torrecitapeque MINGW64 ~/practica-git
$ git init
Initialized empty Git repository in C:/Users/Angel Aguilar/practica-git/.git/

Angel Aguilar@Torrecitapeque MINGW64 ~/practica-git (master)
$ git status
On branch master

No commits yet

nothing to commit (create/copy files and use "git add" to track)

Angel Aguilar@Torrecitapeque MINGW64 ~/practica-git (master)
$ echo -e "Hola/Me llamo Angel/Esta es/Mi practica/De git" > prueba.txt

Angel Aguilar@Torrecitapeque MINGW64 ~/practica-git (master)
$ git add prueba.txt
warning: in the working copy of 'prueba.txt', LF will be replaced by CRLF the next time Git touches it

Angel Aguilar@Torrecitapeque MINGW64 ~/practica-git (master)
$ git status
On branch master

No commits yet

Changes to be committed:
  (use "git rm --cached <file>..." to unstage)
        new file:   prueba.txt


Angel Aguilar@Torrecitapeque MINGW64 ~/practica-git (master)
$ git commit -m "Archivo de prueba añadido"
Author identity unknown

*** Please tell me who you are.

Run

  git config --global user.email "you@example.com"
  git config --global user.name "Your Name"

to set your account's default identity.
Omit --global to set the identity only in this repository.

fatal: unable to auto-detect email address (got 'Angel Aguilar@Torrecitapeque.(none)')

Angel Aguilar@Torrecitapeque MINGW64 ~/practica-git (master)
$ git config --global user.email "eduardoqa.ti21@utsjr.edu.mx"

Angel Aguilar@Torrecitapeque MINGW64 ~/practica-git (master)
$ git config --global user.name "Angel Eduardo"

Angel Aguilar@Torrecitapeque MINGW64 ~/practica-git (master)
$ git commit -m "Archivo de prueba añadido"
[master (root-commit) b6e2414] Archivo de prueba a├▒adido
 1 file changed, 1 insertion(+)
 create mode 100644 prueba.txt

Angel Aguilar@Torrecitapeque MINGW64 ~/practica-git (master)
$ echo -e "Modificacion 1/Modificación 2/Modificación 3" >> prueba.tx

Angel Aguilar@Torrecitapeque MINGW64 ~/practica-git (master)
$ git add prueba.txt

Angel Aguilar@Torrecitapeque MINGW64 ~/practica-git (master)
$ git commit -m "Se modificó el archivo de prueba"
On branch master
Untracked files:
  (use "git add <file>..." to include in what will be committed)
        prueba.tx

nothing added to commit but untracked files present (use "git add" to track)

Angel Aguilar@Torrecitapeque MINGW64 ~/practica-git (master)
$ git log
commit b6e2414bf29971449e6f2ed054063b4ce7eabc95 (HEAD -> master)
Author: Angel Eduardo <eduardoqa.ti21@utsjr.edu.mx>
Date:   Fri May 24 22:36:19 2024 -0600

    Archivo de prueba añadido

Angel Aguilar@Torrecitapeque MINGW64 ~/practica-git (master)
$ mkdir mensajes

Angel Aguilar@Torrecitapeque MINGW64 ~/practica-git (master)
$ cd mensajes

Angel Aguilar@Torrecitapeque MINGW64 ~/practica-git/mensajes (master)
$ echo e- "Hola1/Hola2/Hola3/Hola4/Hola5" > mensajes/mensaje1.txt
bash: mensajes/mensaje1.txt: No such file or directory

Angel Aguilar@Torrecitapeque MINGW64 ~/practica-git/mensajes (master)
$ touch mensaje1.txt

Angel Aguilar@Torrecitapeque MINGW64 ~/practica-git/mensajes (master)
$ echo e- "Hola1/Hola2/Hola3/Hola4/Hola5" > mensajes/mensaje1.txt
bash: mensajes/mensaje1.txt: No such file or directory

Angel Aguilar@Torrecitapeque MINGW64 ~/practica-git/mensajes (master)
$ echo e- "Hola1/Hola2/Hola3/Hola4/Hola5" > mensaje1.txt

Angel Aguilar@Torrecitapeque MINGW64 ~/practica-git/mensajes (master)
$ git add mensaje1.txt
warning: in the working copy of 'mensajes/mensaje1.txt', LF will be replaced by CRLF the next time Git touches it

Angel Aguilar@Torrecitapeque MINGW64 ~/practica-git/mensajes (master)
$ git commit -m "Se añadió el primer archivo mensajes en la carpeta mensajes"
[master 52687d3] Se a├▒adi├│ el primer archivo mensajes en la carpeta mensajes
 1 file changed, 1 insertion(+)
 create mode 100644 mensajes/mensaje1.txt

Angel Aguilar@Torrecitapeque MINGW64 ~/practica-git/mensajes (master)
$ git status
On branch master
Untracked files:
  (use "git add <file>..." to include in what will be committed)
        ../prueba.tx

nothing added to commit but untracked files present (use "git add" to track)

Angel Aguilar@Torrecitapeque MINGW64 ~/practica-git/mensajes (master)
$ git log
commit 52687d378cbc585440db00ef26899621156c129a (HEAD -> master)
Author: Angel Eduardo <eduardoqa.ti21@utsjr.edu.mx>
Date:   Fri May 24 22:42:09 2024 -0600

    Se añadió el primer archivo mensajes en la carpeta mensajes

commit b6e2414bf29971449e6f2ed054063b4ce7eabc95
Author: Angel Eduardo <eduardoqa.ti21@utsjr.edu.mx>
Date:   Fri May 24 22:36:19 2024 -0600

    Archivo de prueba añadido

Angel Aguilar@Torrecitapeque MINGW64 ~/practica-git/mensajes (master)
$ echo -e "Adios1/Adios2/Adios3" > mensajes2.txt

Angel Aguilar@Torrecitapeque MINGW64 ~/practica-git/mensajes (master)
$ git add mensaje2.txt
fatal: pathspec 'mensaje2.txt' did not match any files

Angel Aguilar@Torrecitapeque MINGW64 ~/practica-git/mensajes (master)
$ git add mensajes2.txt
warning: in the working copy of 'mensajes/mensajes2.txt', LF will be replaced by CRLF the next time Git touches it

Angel Aguilar@Torrecitapeque MINGW64 ~/practica-git/mensajes (master)
$ git commit -m "Se añadió el segundo archivo de mensajes"
[master 76bea5e] Se a├▒adi├│ el segundo archivo de mensajes
 1 file changed, 1 insertion(+)
 create mode 100644 mensajes/mensajes2.txt

Angel Aguilar@Torrecitapeque MINGW64 ~/practica-git/mensajes (master)
$ git status
On branch master
Untracked files:
  (use "git add <file>..." to include in what will be committed)
        ../prueba.tx

nothing added to commit but untracked files present (use "git add" to track)

Angel Aguilar@Torrecitapeque MINGW64 ~/practica-git/mensajes (master)
$ git branch creditos

Angel Aguilar@Torrecitapeque MINGW64 ~/practica-git/mensajes (master)
$ git checkout creditos
Switched to branch 'creditos'

Angel Aguilar@Torrecitapeque MINGW64 ~/practica-git/mensajes (creditos)
$ echo -e "Nombre: Angel Eduardo Quezada Aguilar/ Correo: eduardoqa.ti21@utsjr.edu.mx/ github: Tearsofegirl69" > creditos.txt

Angel Aguilar@Torrecitapeque MINGW64 ~/practica-git/mensajes (creditos)
$ git add creditos.txt
warning: in the working copy of 'mensajes/creditos.txt', LF will be replaced by CRLF the next time Git touches it

Angel Aguilar@Torrecitapeque MINGW64 ~/practica-git/mensajes (creditos)
$ git commit -m "Créditos añadidos"
[creditos 1abc577] Cr├®ditos a├▒adidos
 1 file changed, 1 insertion(+)
 create mode 100644 mensajes/creditos.txt

Angel Aguilar@Torrecitapeque MINGW64 ~/practica-git/mensajes (creditos)
$ git checkout master
Switched to branch 'master'

Angel Aguilar@Torrecitapeque MINGW64 ~/practica-git/mensajes (master)
$ git merge creditos
Updating 76bea5e..1abc577
Fast-forward
 mensajes/creditos.txt | 1 +
 1 file changed, 1 insertion(+)
 create mode 100644 mensajes/creditos.txt
>>>>>>> 3bfb8b0e1fdbb480bc04478d8dfbf7528689117a
